{"logTime": "0918/195504", "correlationVector":"Xq9jZzPcwH40S0MYZ3HI49.1","action":"SyncServerConnectionManagerRequest", "result":"SYNC_SERVER_OK", "context":{"environment":"Prod_northcentralus_prod-s01-050-nam-northcentralus", "migrationStage":"NotStarted", "server":"akswtt10200000c"}}
{"logTime": "0918/195504", "correlationVector":"Xq9jZzPcwH40S0MYZ3HI49.2","action":"ProcessGetUpdates", "result":"Done", "context":{"dataType":"Encryption Keys", "deleted":"0", "process_failed_to_decrypt":"0", "process_pending_decryption":"0", "process_success":"1", "total":"1"}}
{"logTime": "0918/195504", "correlationVector":"GDzgPirBjiIIuq8XRVUQi5","action":"SyncServerConnectionManagerRequest", "result":"SYNC_SERVER_OK", "context":{"environment":"", "migrationStage":"", "server":""}}
{"logTime": "0918/195504", "correlationVector":"GDzgPirBjiIIuq8XRVUQi5.0","action":"EncryptionKeysFetcher.DownloadKeys:", "result":"Success", "context":Key count: 7, Last key timestamp: 2026-05-25T14:54:20Z}
{"logTime": "0918/195504", "correlationVector":"GDzgPirBjiIIuq8XRVUQi5.1","action":"EncryptionKeysManager::SetEncryptionKeys:", "result":"Success", "context":Key names[7]:[f+OMeGGLnyCPtBafjZuzqxWLxR8/lgNfrgUDRaMb/tga7+ys9vAIgz4lAa5iOlnWpU9LuLw+aeqprX/ZYpnQOw==][uctnojVouiSr9KUIT8QyOcODixidGvb+Hbt8KAbPn24J67VL/K0UDmJl/tKjKuLc+YCrPl2qKwDq3DER2/LrPg==][BFmjGQ7S5iDuT5tpt1ZWjsXm5shkZSwIM5/FEJsNPd29w8+kAQy7qtfsYcUj/rck5ywA4BNgL/OWp0r/tD9/Xw==][ihLG8U7bZZ8iCwkvsTtE1u82yRkNlSGN87bkbtHJ/hZxGFTzgRSAm3dBQ3bWGUYyKJa/X7PDxve0x+DsoJicJw==][kCjqKLswD/ebJmiRNFePDgM367s1vUU2VtWxq3q9xbEuDlYqYfRPw18Av3859xlfSNZ7Xxjocd3WvJl+T53HuQ==][D20I9K9SQhM77hBZwxtOOr7Sj0tqE1M4FYL7MUwmvIpktrr6HGjC0eIaihD2B5ZxaWElV7yVzrLAoBlgUrirpA==][aAbIFrwdJwwTuGZE6Inz9fyIb3z+sZltI3qIud42J8XFYzzmJ4bwG+jYDXmSYZi283uuASWJennrLWmAOTU5yQ==]}
{"logTime": "0918/195504", "correlationVector":"GDzgPirBjiIIuq8XRVUQi5.2","action":"EncryptionKeysManager::SetEncryptionKeysWithTimestamps:", "result":"Success", "context":Key timestamps[7]:[2021-11-09T01:15:54Z][2022-12-23T21:56:30Z][2023-09-07T14:53:49Z][2024-04-04T21:38:08Z][2024-10-28T23:29:11Z][2025-11-14T00:35:33Z][2026-05-25T14:54:20Z]}
{"logTime": "0918/195504", "correlationVector":"Xq9jZzPcwH40S0MYZ3HI49","action":"Initial GetUpdates", "result":"", "context":Reason: NEW_CLIENT. cV=Xq9jZzPcwH40S0MYZ3HI49}
{"logTime": "0918/195504", "correlationVector":"Xq9jZzPcwH40S0MYZ3HI49.3","action":"GetUpdates Response", "result":"Success", "context":Received 1 update(s). cV=Xq9jZzPcwH40S0MYZ3HI49.0;server=akswtt10200000c;cloudType=Consumer;environment=Prod_northcentralus_prod-s01-050-nam-northcentralus;migrationStage=NotStarted}
{"logTime": "0918/195504", "correlationVector":"rrdsIQn0AKv3GZL+CFKyPL","action":"Initial GetUpdates", "result":"", "context":Reason: NEWLY_SUPPORTED_DATATYPE. cV=rrdsIQn0AKv3GZL+CFKyPL}
{"logTime": "0918/195504", "correlationVector":"rrdsIQn0AKv3GZL+CFKyPL.1","action":"SyncServerConnectionManagerRequest", "result":"SYNC_SERVER_OK", "context":{"environment":"Prod_northcentralus_prod-s01-050-nam-northcentralus", "migrationStage":"NotStarted", "server":"akswtt10200001e"}}
{"logTime": "0918/195504", "correlationVector":"rrdsIQn0AKv3GZL+CFKyPL.2","action":"ProcessGetUpdates", "result":"Done", "context":{"dataType":"Passwords", "deleted":"0", "process_failed_to_decrypt":"0", "process_pending_decryption":"0", "process_success":"50", "total":"50"}}
{"logTime": "0918/195504", "correlationVector":"rrdsIQn0AKv3GZL+CFKyPL.3","action":"ProcessGetUpdates", "result":"Done", "context":{"dataType":"Device Info", "deleted":"0", "process_failed_to_decrypt":"0", "process_pending_decryption":"0", "process_success":"13", "total":"13"}}
{"logTime": "0918/195504", "correlationVector":"rrdsIQn0AKv3GZL+CFKyPL.4","action":"GetUpdates Response", "result":"Success", "context":Received 63 update(s). cV=rrdsIQn0AKv3GZL+CFKyPL.0;server=akswtt10200001e;cloudType=Consumer;environment=Prod_northcentralus_prod-s01-050-nam-northcentralus;migrationStage=NotStarted}
{"logTime": "0918/195504", "correlationVector":"QlNub4L4VRXlxLlKue0fWD","action":"Initial GetUpdates", "result":"", "context":Reason: NEWLY_SUPPORTED_DATATYPE. cV=QlNub4L4VRXlxLlKue0fWD}
{"logTime": "0918/195504", "correlationVector":"QlNub4L4VRXlxLlKue0fWD.1","action":"SyncServerConnectionManagerRequest", "result":"SYNC_SERVER_OK", "context":{"environment":"Prod_northcentralus_prod-s01-050-nam-northcentralus", "migrationStage":"NotStarted", "server":"akswtt10200000v"}}
{"logTime": "0918/195504", "correlationVector":"QlNub4L4VRXlxLlKue0fWD.2","action":"ProcessGetUpdates", "result":"Done", "context":{"dataType":"Bookmarks", "deleted":"0", "process_failed_to_decrypt":"0", "process_pending_decryption":"0", "process_success":"28", "total":"28"}}
{"logTime": "0918/195504", "correlationVector":"QlNub4L4VRXlxLlKue0fWD.3","action":"ProcessGetUpdates", "result":"Done", "context":{"dataType":"Preferences", "deleted":"0", "process_failed_to_decrypt":"0", "process_pending_decryption":"0", "process_success":"63", "total":"63"}}
{"logTime": "0918/195504", "correlationVector":"QlNub4L4VRXlxLlKue0fWD.4","action":"ProcessGetUpdates", "result":"Done", "context":{"dataType":"Autofill", "deleted":"0", "process_failed_to_decrypt":"0", "process_pending_decryption":"0", "process_success":"1", "total":"1"}}
{"logTime": "0918/195504", "correlationVector":"QlNub4L4VRXlxLlKue0fWD.5","action":"ProcessGetUpdates", "result":"Done", "context":{"dataType":"Extensions", "deleted":"0", "process_failed_to_decrypt":"0", "process_pending_decryption":"0", "process_success":"3", "total":"3"}}
{"logTime": "0918/195504", "correlationVector":"QlNub4L4VRXlxLlKue0fWD.6","action":"ProcessGetUpdates", "result":"Done", "context":{"dataType":"Sessions", "deleted":"16", "process_failed_to_decrypt":"0", "process_pending_decryption":"0", "process_success":"31", "total":"31"}}
{"logTime": "0918/195504", "correlationVector":"QlNub4L4VRXlxLlKue0fWD.7","action":"GetUpdates Response", "result":"Success", "context":Received 126 update(s). cV=QlNub4L4VRXlxLlKue0fWD.0;server=akswtt10200000v;cloudType=Consumer;environment=Prod_northcentralus_prod-s01-050-nam-northcentralus;migrationStage=NotStarted}
{"logTime": "0918/195504", "correlationVector":"L32S5a6sQ+rMwD1l/HveWH","action":"Initial GetUpdates", "result":"", "context":Reason: NEWLY_SUPPORTED_DATATYPE. cV=L32S5a6sQ+rMwD1l/HveWH}
{"logTime": "0918/195505", "correlationVector":"L32S5a6sQ+rMwD1l/HveWH.1","action":"SyncServerConnectionManagerRequest", "result":"SYNC_SERVER_OK", "context":{"environment":"Prod_northcentralus_prod-s01-050-nam-northcentralus", "migrationStage":"NotStarted", "server":"akswtt10200000r"}}
{"logTime": "0918/195505", "correlationVector":"L32S5a6sQ+rMwD1l/HveWH.2","action":"ProcessGetUpdates", "result":"Done", "context":{"dataType":"History", "deleted":"0", "process_failed_to_decrypt":"0", "process_pending_decryption":"0", "process_success":"23", "total":"23"}}
{"logTime": "0918/195505", "correlationVector":"L32S5a6sQ+rMwD1l/HveWH.3","action":"GetUpdates Response", "result":"Success", "context":Received 23 update(s). cV=L32S5a6sQ+rMwD1l/HveWH.0;server=akswtt10200000r;cloudType=Consumer;environment=Prod_northcentralus_prod-s01-050-nam-northcentralus;migrationStage=NotStarted}
{"logTime": "0918/195505", "correlationVector":"ZBeDRc+uju5CEG5LKXo+o0","action":"Normal GetUpdate request", "result":"", "context":cV=ZBeDRc+uju5CEG5LKXo+o0
Nudged types: Sessions, Device Info, User Consents
Refresh requested types: Bookmarks, Preferences, Passwords, Autofill Profiles, Autofill, Extensions, Sessions, Extension settings, History Delete Directives, Device Info, User Consents, Send Tab To Self, Web Apps, History, Saved Tab Group, WebAuthn Credentials, Edge Hub App Usage, Edge Workspace, Encryption Keys}
{"logTime": "0918/195505", "correlationVector":"ZBeDRc+uju5CEG5LKXo+o0.1","action":"SyncServerConnectionManagerRequest", "result":"SYNC_SERVER_OK", "context":{"environment":"Prod_northcentralus_prod-s01-050-nam-northcentralus", "migrationStage":"NotStarted", "server":"akswtt102000006"}}
{"logTime": "0918/195505", "correlationVector":"ZBeDRc+uju5CEG5LKXo+o0.2","action":"GetUpdates Response", "result":"Success", "context":Received 0 update(s). cV=ZBeDRc+uju5CEG5LKXo+o0.0;server=akswtt102000006;cloudType=Consumer;environment=Prod_northcentralus_prod-s01-050-nam-northcentralus;migrationStage=NotStarted}
{"logTime": "0918/195505", "correlationVector":"jhHms5i9Pp7PbmL5274yH6","action":"DoCompareDataConsistency requsted types: ", "result":"Bookmarks, Preferences, Passwords, Extensions, Extension settings, History Delete Directives, Send Tab To Self, Web Apps, History, Saved Tab Group, WebAuthn Credentials, Edge Workspace, Encryption Keys"}
{"logTime": "0918/195505", "correlationVector":"jhHms5i9Pp7PbmL5274yH6.0","action":"CompareDataConsistency result: ", "result":"Compare result: Encryption Keys is consistent. local entities count is: 1 local entities hash is: zRkh3arQ5zlc+oyWeRHLIj5zVZY="}
{"logTime": "0918/195505", "correlationVector":"jhHms5i9Pp7PbmL5274yH6.1","action":"CompareDataConsistency result: ", "result":"Compare result: Bookmarks is consistent. local entities count is: 22 local entities hash is: yysZrS8nC9RKrjl0pDp+0DC4DuQ="}
{"logTime": "0918/195505", "correlationVector":"jhHms5i9Pp7PbmL5274yH6.2","action":"CompareDataConsistency result: ", "result":"Compare result: Preferences is consistent. local entities count is: 63 local entities hash is: Q4LYyOGoLVRHhU0qR2V2w9pGh5k="}
{"logTime": "0918/195505", "correlationVector":"jhHms5i9Pp7PbmL5274yH6.3","action":"CompareDataConsistency result: ", "result":"Compare result: Extensions is consistent. local entities count is: 3 local entities hash is: yVdY3OvQpJWOkff+F30Sj20uk58="}
{"logTime": "0918/195505", "correlationVector":"jhHms5i9Pp7PbmL5274yH6.4","action":"CompareDataConsistency result: ", "result":"Compare result: Extension settings is consistent. local entities count is: 0 local entities hash is: "}
{"logTime": "0918/195505", "correlationVector":"jhHms5i9Pp7PbmL5274yH6.5","action":"CompareDataConsistency result: ", "result":"Compare result: History Delete Directives is consistent. local entities count is: 0 local entities hash is: "}
{"logTime": "0918/195505", "correlationVector":"jhHms5i9Pp7PbmL5274yH6.6","action":"CompareDataConsistency result: ", "result":"Server did not send this Send Tab To Self local entities count is: 0 local entities hash is: "}
{"logTime": "0918/195505", "correlationVector":"jhHms5i9Pp7PbmL5274yH6.7","action":"CompareDataConsistency result: ", "result":"Compare result: Web Apps is consistent. local entities count is: 0 local entities hash is: "}
{"logTime": "0918/195505", "correlationVector":"jhHms5i9Pp7PbmL5274yH6.8","action":"CompareDataConsistency result: ", "result":"Server did not send this History local entities count is: 0 local entities hash is: "}
{"logTime": "0918/195505", "correlationVector":"jhHms5i9Pp7PbmL5274yH6.9","action":"CompareDataConsistency result: ", "result":"Compare result: Saved Tab Group is consistent. local entities count is: 0 local entities hash is: "}
{"logTime": "0918/195505", "correlationVector":"jhHms5i9Pp7PbmL5274yH6.10","action":"CompareDataConsistency result: ", "result":"Server did not send this WebAuthn Credentials local entities count is: 0 local entities hash is: "}
{"logTime": "0918/195505", "correlationVector":"jhHms5i9Pp7PbmL5274yH6.11","action":"CompareDataConsistency result: ", "result":"Server did not send this Edge Workspace local entities count is: 0 local entities hash is: "}
{"logTime": "0918/195505", "correlationVector":"jhHms5i9Pp7PbmL5274yH6.12","action":"CompareDataConsistency result: ", "result":"Compare result: Passwords is consistent. local entities count is: 50 local entities hash is: V8dyg2Dkbwnv2elWhtPi0yScYv8="}
{"logTime": "0918/195505", "correlationVector":"7g38B59wj0TwNF/2WDWnT6","action":"Commit Request", "result":"", "context":Item count: 4
Contributing types: Sessions, Device Info, User Consents}
{"logTime": "0918/195505", "correlationVector":"7g38B59wj0TwNF/2WDWnT6.1","action":"SyncServerConnectionManagerRequest", "result":"SYNC_SERVER_OK", "context":{"environment":"Prod_northcentralus_prod-s01-050-nam-northcentralus", "migrationStage":"NotStarted", "server":"akswtt10200001f"}}
{"logTime": "0918/195505", "correlationVector":"7g38B59wj0TwNF/2WDWnT6.2","action":"Commit Response", "result":"Success", "context":Result: Success. cV=7g38B59wj0TwNF/2WDWnT6.0;server=akswtt10200001f;cloudType=Consumer;environment=Prod_northcentralus_prod-s01-050-nam-northcentralus;migrationStage=NotStarted}
{"logTime": "0918/195505", "correlationVector":"","action":"DIAGNOSTIC_REQUEST|v1/diagnosticData/Diagnostic.SendCheckResult()|SUCCESS", "result":""}
{"logTime": "0918/195602", "correlationVector":"ptx9yhgq4fccd7UYAPEydR","action":"Commit Request", "result":"", "context":Item count: 36
Contributing types: Passwords, Sessions, History}
{"logTime": "0918/195605", "correlationVector":"ptx9yhgq4fccd7UYAPEydR.1","action":"SyncServerConnectionManagerRequest", "result":"SYNC_SERVER_OK", "context":{"environment":"Prod_northcentralus_prod-s01-050-nam-northcentralus", "migrationStage":"NotStarted", "server":"akswtt102000017"}}
{"logTime": "0918/195605", "correlationVector":"ptx9yhgq4fccd7UYAPEydR.2","action":"Commit Response", "result":"Success", "context":Result: Success. cV=ptx9yhgq4fccd7UYAPEydR.0;server=akswtt102000017;cloudType=Consumer;environment=Prod_northcentralus_prod-s01-050-nam-northcentralus;migrationStage=NotStarted}
{"logTime": "0919/233825", "correlationVector":"sesty6S8RasA1CVMU7suZd.1","action":"SyncServerConnectionManagerRequest", "result":"SYNC_SERVER_OK", "context":{"environment":"Prod_northcentralus_prod-s01-050-nam-northcentralus", "migrationStage":"NotStarted", "server":"akswtt10200000c"}}
{"logTime": "0919/233825", "correlationVector":"sesty6S8RasA1CVMU7suZd.2","action":"ProcessGetUpdates", "result":"Done", "context":{"dataType":"Encryption Keys", "deleted":"0", "process_failed_to_decrypt":"0", "process_pending_decryption":"0", "process_success":"1", "total":"1"}}
{"logTime": "0919/233825", "correlationVector":"Fwdn3QoHiyf7/yKi71KHf+","action":"SyncServerConnectionManagerRequest", "result":"SYNC_SERVER_OK", "context":{"environment":"", "migrationStage":"", "server":""}}
{"logTime": "0919/233825", "correlationVector":"Fwdn3QoHiyf7/yKi71KHf+.0","action":"EncryptionKeysFetcher.DownloadKeys:", "result":"Success", "context":Key count: 7, Last key timestamp: 2026-05-25T14:54:20Z}
{"logTime": "0919/233825", "correlationVector":"Fwdn3QoHiyf7/yKi71KHf+.1","action":"EncryptionKeysManager::SetEncryptionKeys:", "result":"Success", "context":Key names[7]:[f+OMeGGLnyCPtBafjZuzqxWLxR8/lgNfrgUDRaMb/tga7+ys9vAIgz4lAa5iOlnWpU9LuLw+aeqprX/ZYpnQOw==][uctnojVouiSr9KUIT8QyOcODixidGvb+Hbt8KAbPn24J67VL/K0UDmJl/tKjKuLc+YCrPl2qKwDq3DER2/LrPg==][BFmjGQ7S5iDuT5tpt1ZWjsXm5shkZSwIM5/FEJsNPd29w8+kAQy7qtfsYcUj/rck5ywA4BNgL/OWp0r/tD9/Xw==][ihLG8U7bZZ8iCwkvsTtE1u82yRkNlSGN87bkbtHJ/hZxGFTzgRSAm3dBQ3bWGUYyKJa/X7PDxve0x+DsoJicJw==][kCjqKLswD/ebJmiRNFePDgM367s1vUU2VtWxq3q9xbEuDlYqYfRPw18Av3859xlfSNZ7Xxjocd3WvJl+T53HuQ==][D20I9K9SQhM77hBZwxtOOr7Sj0tqE1M4FYL7MUwmvIpktrr6HGjC0eIaihD2B5ZxaWElV7yVzrLAoBlgUrirpA==][aAbIFrwdJwwTuGZE6Inz9fyIb3z+sZltI3qIud42J8XFYzzmJ4bwG+jYDXmSYZi283uuASWJennrLWmAOTU5yQ==]}
{"logTime": "0919/233825", "correlationVector":"Fwdn3QoHiyf7/yKi71KHf+.2","action":"EncryptionKeysManager::SetEncryptionKeysWithTimestamps:", "result":"Success", "context":Key timestamps[7]:[2021-11-09T01:15:54Z][2022-12-23T21:56:30Z][2023-09-07T14:53:49Z][2024-04-04T21:38:08Z][2024-10-28T23:29:11Z][2025-11-14T00:35:33Z][2026-05-25T14:54:20Z]}
{"logTime": "0919/233825", "correlationVector":"sesty6S8RasA1CVMU7suZd","action":"Initial GetUpdates", "result":"", "context":Reason: NEW_CLIENT. cV=sesty6S8RasA1CVMU7suZd}
{"logTime": "0919/233825", "correlationVector":"sesty6S8RasA1CVMU7suZd.3","action":"GetUpdates Response", "result":"Success", "context":Received 1 update(s). cV=sesty6S8RasA1CVMU7suZd.0;server=akswtt10200000c;cloudType=Consumer;environment=Prod_northcentralus_prod-s01-050-nam-northcentralus;migrationStage=NotStarted}
{"logTime": "0919/233825", "correlationVector":"ujwcoYBfkAEXxbB6lKYuHW","action":"Initial GetUpdates", "result":"", "context":Reason: NEWLY_SUPPORTED_DATATYPE. cV=ujwcoYBfkAEXxbB6lKYuHW}
{"logTime": "0919/233825", "correlationVector":"ujwcoYBfkAEXxbB6lKYuHW.1","action":"SyncServerConnectionManagerRequest", "result":"SYNC_SERVER_OK", "context":{"environment":"Prod_northcentralus_prod-s01-050-nam-northcentralus", "migrationStage":"NotStarted", "server":"akswtt102000017"}}
{"logTime": "0919/233825", "correlationVector":"ujwcoYBfkAEXxbB6lKYuHW.2","action":"ProcessGetUpdates", "result":"Done", "context":{"dataType":"Passwords", "deleted":"0", "process_failed_to_decrypt":"0", "process_pending_decryption":"0", "process_success":"50", "total":"50"}}
{"logTime": "0919/233825", "correlationVector":"ujwcoYBfkAEXxbB6lKYuHW.3","action":"GetUpdates Response", "result":"Success", "context":Received 50 update(s). cV=ujwcoYBfkAEXxbB6lKYuHW.0;server=akswtt102000017;cloudType=Consumer;environment=Prod_northcentralus_prod-s01-050-nam-northcentralus;migrationStage=NotStarted}
{"logTime": "0919/233825", "correlationVector":"sO/G2mnWWMPo4qvFtlS5Fz","action":"Normal GetUpdate request", "result":"", "context":cV=sO/G2mnWWMPo4qvFtlS5Fz
Nudged types: Preferences, Sessions, Device Info, History
Refresh requested types: Bookmarks, Preferences, Passwords, Autofill Profiles, Autofill, Extensions, Sessions, Extension settings, History Delete Directives, Device Info, User Consents, Send Tab To Self, Web Apps, History, Saved Tab Group, WebAuthn Credentials, Edge Hub App Usage, Edge Workspace, Encryption Keys}
{"logTime": "0919/233826", "correlationVector":"sO/G2mnWWMPo4qvFtlS5Fz.1","action":"SyncServerConnectionManagerRequest", "result":"SYNC_SERVER_OK", "context":{"environment":"Prod_northcentralus_prod-s01-050-nam-northcentralus", "migrationStage":"NotStarted", "server":"akswtt10200001f"}}
{"logTime": "0919/233826", "correlationVector":"sO/G2mnWWMPo4qvFtlS5Fz.2","action":"ProcessGetUpdates", "result":"Done", "context":{"dataType":"Preferences", "deleted":"0", "process_failed_to_decrypt":"0", "process_pending_decryption":"0", "process_success":"2", "total":"2"}}
{"logTime": "0919/233826", "correlationVector":"sO/G2mnWWMPo4qvFtlS5Fz.3","action":"ProcessGetUpdates", "result":"Done", "context":{"dataType":"Sessions", "deleted":"1", "process_failed_to_decrypt":"0", "process_pending_decryption":"0", "process_success":"3", "total":"3"}}
{"logTime": "0919/233826", "correlationVector":"sO/G2mnWWMPo4qvFtlS5Fz.4","action":"ProcessGetUpdates", "result":"Done", "context":{"dataType":"Device Info", "deleted":"0", "process_failed_to_decrypt":"0", "process_pending_decryption":"0", "process_success":"1", "total":"1"}}
{"logTime": "0919/233826", "correlationVector":"sO/G2mnWWMPo4qvFtlS5Fz.5","action":"ProcessGetUpdates", "result":"Done", "context":{"dataType":"History", "deleted":"0", "process_failed_to_decrypt":"0", "process_pending_decryption":"0", "process_success":"3", "total":"3"}}
{"logTime": "0919/233826", "correlationVector":"sO/G2mnWWMPo4qvFtlS5Fz.6","action":"GetUpdates Response", "result":"Success", "context":Received 9 update(s). cV=sO/G2mnWWMPo4qvFtlS5Fz.0;server=akswtt10200001f;cloudType=Consumer;environment=Prod_northcentralus_prod-s01-050-nam-northcentralus;migrationStage=NotStarted}
{"logTime": "0919/233826", "correlationVector":"cvvv0tK86aQzljQecaCF3a","action":"Poll GetUpdate request", "result":"", "context":cV=cvvv0tK86aQzljQecaCF3a}
{"logTime": "0919/233826", "correlationVector":"cvvv0tK86aQzljQecaCF3a.1","action":"SyncServerConnectionManagerRequest", "result":"SYNC_SERVER_OK", "context":{"environment":"Prod_northcentralus_prod-s01-050-nam-northcentralus", "migrationStage":"NotStarted", "server":"akswtt10200001b"}}
{"logTime": "0919/233826", "correlationVector":"cvvv0tK86aQzljQecaCF3a.2","action":"GetUpdates Response", "result":"Success", "context":Received 0 update(s). cV=cvvv0tK86aQzljQecaCF3a.0;server=akswtt10200001b;cloudType=Consumer;environment=Prod_northcentralus_prod-s01-050-nam-northcentralus;migrationStage=NotStarted}
{"logTime": "0919/233831", "correlationVector":"38vSEVPjyKcm2RhTBCUPYe","action":"Commit Request", "result":"", "context":Item count: 40
Contributing types: Passwords}
{"logTime": "0919/233833", "correlationVector":"38vSEVPjyKcm2RhTBCUPYe.1","action":"SyncServerConnectionManagerRequest", "result":"SYNC_SERVER_OK", "context":{"environment":"Prod_northcentralus_prod-s01-050-nam-northcentralus", "migrationStage":"NotStarted", "server":"akswtt10200001b"}}
{"logTime": "0919/233833", "correlationVector":"38vSEVPjyKcm2RhTBCUPYe.2","action":"Commit Response", "result":"Success", "context":Result: Success. cV=38vSEVPjyKcm2RhTBCUPYe.0;server=akswtt10200001b;cloudType=Consumer;environment=Prod_northcentralus_prod-s01-050-nam-northcentralus;migrationStage=NotStarted}
{"logTime": "0919/233833", "correlationVector":"XhS6CJLgmuOCymHoS7E6iV","action":"Commit Request", "result":"", "context":Item count: 12
Contributing types: Preferences, Passwords, Sessions, History}
{"logTime": "0919/233833", "correlationVector":"XhS6CJLgmuOCymHoS7E6iV.1","action":"SyncServerConnectionManagerRequest", "result":"SYNC_SERVER_OK", "context":{"environment":"Prod_northcentralus_prod-s01-050-nam-northcentralus", "migrationStage":"NotStarted", "server":"akswtt10200001b"}}
{"logTime": "0919/233833", "correlationVector":"XhS6CJLgmuOCymHoS7E6iV.2","action":"Commit Response", "result":"Success", "context":Result: Success. cV=XhS6CJLgmuOCymHoS7E6iV.0;server=akswtt10200001b;cloudType=Consumer;environment=Prod_northcentralus_prod-s01-050-nam-northcentralus;migrationStage=NotStarted}
{"logTime": "0919/233933", "correlationVector":"L8lLRDnYXQJ+Ot/O9lMfDh","action":"Commit Request", "result":"", "context":Item count: 1
Contributing types: Device Info}
{"logTime": "0919/233933", "correlationVector":"L8lLRDnYXQJ+Ot/O9lMfDh.1","action":"SyncServerConnectionManagerRequest", "result":"SYNC_SERVER_OK", "context":{"environment":"Prod_northcentralus_prod-s01-050-nam-northcentralus", "migrationStage":"NotStarted", "server":"akswtt10200000r"}}
{"logTime": "0919/233933", "correlationVector":"L8lLRDnYXQJ+Ot/O9lMfDh.2","action":"Commit Response", "result":"Success", "context":Result: Success. cV=L8lLRDnYXQJ+Ot/O9lMfDh.0;server=akswtt10200000r;cloudType=Consumer;environment=Prod_northcentralus_prod-s01-050-nam-northcentralus;migrationStage=NotStarted}
{"logTime": "0919/234831", "correlationVector":"DLWeDJbErM1OFW+F/dU0gx","action":"Commit Request", "result":"", "context":Item count: 1
Contributing types: Sessions}
{"logTime": "0919/234831", "correlationVector":"DLWeDJbErM1OFW+F/dU0gx.1","action":"SyncServerConnectionManagerRequest", "result":"SYNC_SERVER_OK", "context":{"environment":"Prod_northcentralus_prod-s01-050-nam-northcentralus", "migrationStage":"NotStarted", "server":"akswtt10200000f"}}
{"logTime": "0919/234831", "correlationVector":"DLWeDJbErM1OFW+F/dU0gx.2","action":"Commit Response", "result":"Success", "context":Result: Success. cV=DLWeDJbErM1OFW+F/dU0gx.0;server=akswtt10200000f;cloudType=Consumer;environment=Prod_northcentralus_prod-s01-050-nam-northcentralus;migrationStage=NotStarted}
{"logTime": "0920/000755", "correlationVector":"+JzPMzwDYEVrFBqlhxfDs0","action":"Commit Request", "result":"", "context":Item count: 1
Contributing types: Sessions}
{"logTime": "0920/000756", "correlationVector":"+JzPMzwDYEVrFBqlhxfDs0.1","action":"SyncServerConnectionManagerRequest", "result":"SYNC_SERVER_OK", "context":{"environment":"Prod_northcentralus_prod-s01-050-nam-northcentralus", "migrationStage":"NotStarted", "server":"akswtt10200001d"}}
{"logTime": "0920/000756", "correlationVector":"+JzPMzwDYEVrFBqlhxfDs0.2","action":"Commit Response", "result":"Success", "context":Result: Success. cV=+JzPMzwDYEVrFBqlhxfDs0.0;server=akswtt10200001d;cloudType=Consumer;environment=Prod_northcentralus_prod-s01-050-nam-northcentralus;migrationStage=NotStarted}
{"logTime": "0920/001404", "correlationVector":"FeX1VnuKshQXML4m/w926v","action":"Commit Request", "result":"", "context":Item count: 1
Contributing types: Sessions}
{"logTime": "0920/001404", "correlationVector":"FeX1VnuKshQXML4m/w926v.1","action":"SyncServerConnectionManagerRequest", "result":"SYNC_SERVER_OK", "context":{"environment":"Prod_northcentralus_prod-s01-050-nam-northcentralus", "migrationStage":"NotStarted", "server":"akswtt10200000v"}}
{"logTime": "0920/001404", "correlationVector":"FeX1VnuKshQXML4m/w926v.2","action":"Commit Response", "result":"Success", "context":Result: Success. cV=FeX1VnuKshQXML4m/w926v.0;server=akswtt10200000v;cloudType=Consumer;environment=Prod_northcentralus_prod-s01-050-nam-northcentralus;migrationStage=NotStarted}
{"logTime": "0920/001808", "correlationVector":"upNqF4Liq/mfm8iSXaLAuW","action":"Commit Request", "result":"", "context":Item count: 1
Contributing types: Sessions}
{"logTime": "0920/001809", "correlationVector":"upNqF4Liq/mfm8iSXaLAuW.1","action":"SyncServerConnectionManagerRequest", "result":"SYNC_SERVER_OK", "context":{"environment":"Prod_northcentralus_prod-s01-050-nam-northcentralus", "migrationStage":"NotStarted", "server":"akswtt10200000f"}}
{"logTime": "0920/001809", "correlationVector":"upNqF4Liq/mfm8iSXaLAuW.2","action":"Commit Response", "result":"Success", "context":Result: Success. cV=upNqF4Liq/mfm8iSXaLAuW.0;server=akswtt10200000f;cloudType=Consumer;environment=Prod_northcentralus_prod-s01-050-nam-northcentralus;migrationStage=NotStarted}
{"logTime": "0920/002010", "correlationVector":"X39heN5+tyfBfg3E/f46av","action":"Commit Request", "result":"", "context":Item count: 1
Contributing types: Sessions}
{"logTime": "0920/002010", "correlationVector":"X39heN5+tyfBfg3E/f46av.1","action":"SyncServerConnectionManagerRequest", "result":"SYNC_SERVER_OK", "context":{"environment":"Prod_northcentralus_prod-s01-050-nam-northcentralus", "migrationStage":"NotStarted", "server":"akswtt10200000n"}}
{"logTime": "0920/002010", "correlationVector":"X39heN5+tyfBfg3E/f46av.2","action":"Commit Response", "result":"Success", "context":Result: Success. cV=X39heN5+tyfBfg3E/f46av.0;server=akswtt10200000n;cloudType=Consumer;environment=Prod_northcentralus_prod-s01-050-nam-northcentralus;migrationStage=NotStarted}
{"logTime": "0920/002242", "correlationVector":"lf5raZQ2aPD/HoxRHOv/2Y","action":"Commit Request", "result":"", "context":Item count: 1
Contributing types: Sessions}
{"logTime": "0920/002243", "correlationVector":"lf5raZQ2aPD/HoxRHOv/2Y.1","action":"SyncServerConnectionManagerRequest", "result":"SYNC_SERVER_OK", "context":{"environment":"Prod_northcentralus_prod-s01-050-nam-northcentralus", "migrationStage":"NotStarted", "server":"akswtt102000007"}}
{"logTime": "0920/002243", "correlationVector":"lf5raZQ2aPD/HoxRHOv/2Y.2","action":"Commit Response", "result":"Success", "context":Result: Success. cV=lf5raZQ2aPD/HoxRHOv/2Y.0;server=akswtt102000007;cloudType=Consumer;environment=Prod_northcentralus_prod-s01-050-nam-northcentralus;migrationStage=NotStarted}
